.CODE
PUSH metmain@A
CALL
HALT

simple_heap_init: RET 0   ; inicializacion simplificada del .heap

simple_malloc: LOADFP    ; inicializacion unidad
LOADSP
STOREFP    ; finaliza inicializacion del RA
LOADHL     ; hl
DUP        ; hl
PUSH 1
ADD
STORE 4    ; guarda resultado (puntero a base de bloque)
LOAD 3     ; carga cantidad de celdas a alojar (parametro)
ADD
STOREHL    ; mueve el heap limit (hl)
STOREFP
RET 1      ; retorna eliminando el parametro

.DATA
VTC3: DW metm3@C2

.CODE
ctorC3@C3: LOADFP ; apila el valor del registro fp
LOADSP ; apila el valor del registro sp
STOREFP ; almacena el tope de la pila en el registro fp
RMEM 0 ; reservo celdas de memoria para las vars locales
STOREFP ; almacena el tope de la pila en el registro
RET 1


.DATA
VTA: NOP
.CODE
ctorA@A: LOADFP ; apila el valor del registro fp
LOADSP ; apila el valor del registro sp
STOREFP ; almacena el tope de la pila en el registro fp
RMEM 0 ; reservo celdas de memoria para las vars locales
RMEM 1 ; reservo memoria para el resultado del malloc
PUSH 1 ; apilo la cantidad de vars de instancia del CIR +1 (ref a VT)
PUSH simple_malloc
CALL
DUP ; para no perder la referencia al nuevo CIR al hacer storeref
PUSH VTC1 ; referencia a VT
STOREREF 0 ; guardamos la referencia a la VT al principio del CIR creado
LOAD 3 ; cargo this
SWAP
STOREREF 1
RMEM 1 ; reservo memoria para el resultado del malloc
PUSH 1 ; apilo la cantidad de vars de instancia del CIR +1 (ref a VT)
PUSH simple_malloc
CALL
DUP ; para no perder la referencia al nuevo CIR al hacer storeref
PUSH VTC2 ; referencia a VT
STOREREF 0 ; guardamos la referencia a la VT al principio del CIR creado
LOAD 3 ; cargo this
SWAP
STOREREF 2
RMEM 1 ; reservo memoria para el resultado del malloc
PUSH 1 ; apilo la cantidad de vars de instancia del CIR +1 (ref a VT)
PUSH simple_malloc
CALL
DUP ; para no perder la referencia al nuevo CIR al hacer storeref
PUSH VTC3 ; referencia a VT
STOREREF 0 ; guardamos la referencia a la VT al principio del CIR creado
LOAD 3 ; cargo this
SWAP
STOREREF 3
STOREFP ; almacena el tope de la pila en el registro
RET 1

metm4@A: LOADFP ; apila el valor del registro fp
LOADSP ; apila el valor del registro sp
STOREFP ; almacena el tope de la pila en el registro fp
RMEM 0 ; reservo celdas de memoria para las vars locales
LOAD 6
DUP ; methocallChainNode
LOADREF 0 ; cargo una referencia a la VT
LOADREF 1 ; cargo la direccion del metodo en la VT
CALL
FMEM 0 ; libero las celdas de memoria de las vars locales
STOREFP ; almacena el tope de la pila en el registro
RET 4

metmain@A: LOADFP ; apila el valor del registro fp
LOADSP ; apila el valor del registro sp
STOREFP ; almacena el tope de la pila en el registro fp
RMEM 1 ; reservo celdas de memoria para las vars locales
RMEM 1 ; reservo memoria para el resultado del malloc
PUSH 4 ; apilo la cantidad de vars de instancia del CIR +1 (ref a VT)
PUSH simple_malloc
CALL
DUP ; para no perder la referencia al nuevo CIR al hacer storeref
PUSH VTA ; referencia a VT
STOREREF 0 ; guardamos la referencia a la VT al principio del CIR creado
DUP ; ref CIR constructor
PUSH ctorA@A
CALL ; llamo al constructor
STORE 0
LOAD 0
LOADREF 1
LOAD 0
LOADREF 2
LOAD 0
LOADREF 3
PUSH 0 ; null 
PUSH metm4@A
CALL
FMEM 1 ; libero las celdas de memoria de las vars locales
STOREFP ; almacena el tope de la pila en el registro
RET 0


.DATA
VTObject: NOP
.CODE
ctorObject@Object: LOADFP ; apila el valor del registro fp
LOADSP ; apila el valor del registro sp
STOREFP ; almacena el tope de la pila en el registro fp
RMEM 0 ; reservo celdas de memoria para las vars locales
STOREFP ; almacena el tope de la pila en el registro
RET 1

metdebugPrint@Object: LOADFP ; apila el valor del registro fp
LOADSP ; apila el valor del registro sp
STOREFP ; almacena el tope de la pila en el registro fp
LOAD 3  ; Apila el parámetro
IPRINT
PRNLN
STOREFP ; almacena el tope de la pila en el registro
RET 1


.DATA
VTString: NOP
.CODE
ctorString@String: LOADFP ; apila el valor del registro fp
LOADSP ; apila el valor del registro sp
STOREFP ; almacena el tope de la pila en el registro fp
RMEM 0 ; reservo celdas de memoria para las vars locales
STOREFP ; almacena el tope de la pila en el registro
RET 1


.DATA
VTSystem: NOP
.CODE
ctorSystem@System: LOADFP ; apila el valor del registro fp
LOADSP ; apila el valor del registro sp
STOREFP ; almacena el tope de la pila en el registro fp
RMEM 0 ; reservo celdas de memoria para las vars locales
STOREFP ; almacena el tope de la pila en el registro
RET 1

metprintC@System: LOADFP ; apila el valor del registro fp
LOADSP ; apila el valor del registro sp
STOREFP ; almacena el tope de la pila en el registro fp
LOAD 3  ; Apila el parámetro
CPRINT
STOREFP ; almacena el tope de la pila en el registro
RET 1

metprintS@System: LOADFP ; apila el valor del registro fp
LOADSP ; apila el valor del registro sp
STOREFP ; almacena el tope de la pila en el registro fp
LOAD 3  ; Apila el parámetro
PUSH 1
ADD
SPRINT
STOREFP ; almacena el tope de la pila en el registro
RET 1

metprintln@System: LOADFP ; apila el valor del registro fp
LOADSP ; apila el valor del registro sp
STOREFP ; almacena el tope de la pila en el registro fp
RMEM 0 ; reservo celdas de memoria para las vars locales
FMEM 0 ; libero las celdas de memoria de las vars locales
STOREFP ; almacena el tope de la pila en el registro
RET 0

metprintCln@System: LOADFP ; apila el valor del registro fp
LOADSP ; apila el valor del registro sp
STOREFP ; almacena el tope de la pila en el registro fp
LOAD 3  ; Apila el parámetro
CPRINT
PRNLN
STOREFP ; almacena el tope de la pila en el registro
RET 1

metprintSln@System: LOADFP ; apila el valor del registro fp
LOADSP ; apila el valor del registro sp
STOREFP ; almacena el tope de la pila en el registro fp
LOAD 3  ; Apila el parámetro
PUSH 1
ADD
SPRINT
PRNLN
STOREFP ; almacena el tope de la pila en el registro
RET 1

metread@System: LOADFP ; apila el valor del registro fp
LOADSP ; apila el valor del registro sp
STOREFP ; almacena el tope de la pila en el registro fp
READ ; lee un valor entero
PUSH 48 ; subtraction por ascii
SUB
STORE 3 ; almaceno el tope en una locacion reservada para retornar
STOREFP ; almacena el tope de la pila en el registro
RET 0

metprintB@System: LOADFP ; apila el valor del registro fp
LOADSP ; apila el valor del registro sp
STOREFP ; almacena el tope de la pila en el registro fp
LOAD 3  ; Apila el parámetro
BPRINT
STOREFP ; almacena el tope de la pila en el registro
RET 1

metprintIln@System: LOADFP ; apila el valor del registro fp
LOADSP ; apila el valor del registro sp
STOREFP ; almacena el tope de la pila en el registro fp
LOAD 3  ; Apila el parámetro
IPRINT
PRNLN
STOREFP ; almacena el tope de la pila en el registro
RET 1

metprintI@System: LOADFP ; apila el valor del registro fp
LOADSP ; apila el valor del registro sp
STOREFP ; almacena el tope de la pila en el registro fp
LOAD 3  ; Apila el parámetro
IPRINT
STOREFP ; almacena el tope de la pila en el registro
RET 1

metprintBln@System: LOADFP ; apila el valor del registro fp
LOADSP ; apila el valor del registro sp
STOREFP ; almacena el tope de la pila en el registro fp
LOAD 3  ; Apila el parámetro
BPRINT
PRNLN
STOREFP ; almacena el tope de la pila en el registro
RET 1


.DATA
VTC1: DW metm3@C1

.CODE
ctorC1@C1: LOADFP ; apila el valor del registro fp
LOADSP ; apila el valor del registro sp
STOREFP ; almacena el tope de la pila en el registro fp
RMEM 0 ; reservo celdas de memoria para las vars locales
STOREFP ; almacena el tope de la pila en el registro
RET 1

metm3@C1: LOADFP ; apila el valor del registro fp
LOADSP ; apila el valor del registro sp
STOREFP ; almacena el tope de la pila en el registro fp
RMEM 0 ; reservo celdas de memoria para las vars locales
PUSH 1234 ; literal
PUSH metdebugPrint@Object
CALL
FMEM 0 ; libero las celdas de memoria de las vars locales
STOREFP ; almacena el tope de la pila en el registro
RET 1


.DATA
VTC2: DW metm3@C2

.CODE
ctorC2@C2: LOADFP ; apila el valor del registro fp
LOADSP ; apila el valor del registro sp
STOREFP ; almacena el tope de la pila en el registro fp
RMEM 0 ; reservo celdas de memoria para las vars locales
STOREFP ; almacena el tope de la pila en el registro
RET 1

metm3@C2: LOADFP ; apila el valor del registro fp
LOADSP ; apila el valor del registro sp
STOREFP ; almacena el tope de la pila en el registro fp
RMEM 0 ; reservo celdas de memoria para las vars locales
PUSH 123456789 ; literal
PUSH metdebugPrint@Object
CALL
FMEM 0 ; libero las celdas de memoria de las vars locales
STOREFP ; almacena el tope de la pila en el registro
RET 1


